------------------------------------------------------------
TimeQuest Timing Analyzer Summary
------------------------------------------------------------

Type  : Slow 1100mV 85C Model Setup 'HS'
Slack : -4.570
TNS   : -17.999

Type  : Slow 1100mV 85C Model Setup 'clk'
Slack : -2.939
TNS   : -105.905

Type  : Slow 1100mV 85C Model Hold 'clk'
Slack : 0.340
TNS   : 0.000

Type  : Slow 1100mV 85C Model Hold 'HS'
Slack : 1.065
TNS   : 0.000

Type  : Slow 1100mV 85C Model Minimum Pulse Width 'clk'
Slack : -0.724
TNS   : -53.150

Type  : Slow 1100mV 85C Model Minimum Pulse Width 'HS'
Slack : 0.305
TNS   : 0.000

Type  : Slow 1100mV 0C Model Setup 'HS'
Slack : -4.609
TNS   : -18.220

Type  : Slow 1100mV 0C Model Setup 'clk'
Slack : -2.878
TNS   : -104.883

Type  : Slow 1100mV 0C Model Hold 'clk'
Slack : 0.320
TNS   : 0.000

Type  : Slow 1100mV 0C Model Hold 'HS'
Slack : 0.753
TNS   : 0.000

Type  : Slow 1100mV 0C Model Minimum Pulse Width 'clk'
Slack : -0.724
TNS   : -54.598

Type  : Slow 1100mV 0C Model Minimum Pulse Width 'HS'
Slack : 0.251
TNS   : 0.000

Type  : Fast 1100mV 85C Model Setup 'HS'
Slack : -2.383
TNS   : -7.606

Type  : Fast 1100mV 85C Model Setup 'clk'
Slack : -1.581
TNS   : -27.291

Type  : Fast 1100mV 85C Model Hold 'clk'
Slack : 0.159
TNS   : 0.000

Type  : Fast 1100mV 85C Model Hold 'HS'
Slack : 0.458
TNS   : 0.000

Type  : Fast 1100mV 85C Model Minimum Pulse Width 'clk'
Slack : -0.085
TNS   : -3.944

Type  : Fast 1100mV 85C Model Minimum Pulse Width 'HS'
Slack : -0.075
TNS   : -0.244

Type  : Fast 1100mV 0C Model Setup 'HS'
Slack : -2.133
TNS   : -6.725

Type  : Fast 1100mV 0C Model Setup 'clk'
Slack : -1.394
TNS   : -22.163

Type  : Fast 1100mV 0C Model Hold 'clk'
Slack : 0.136
TNS   : 0.000

Type  : Fast 1100mV 0C Model Hold 'HS'
Slack : 0.381
TNS   : 0.000

Type  : Fast 1100mV 0C Model Minimum Pulse Width 'clk'
Slack : -0.085
TNS   : -3.957

Type  : Fast 1100mV 0C Model Minimum Pulse Width 'HS'
Slack : -0.060
TNS   : -0.236

------------------------------------------------------------
